// Jest Snapshot v1, https://goo.gl/fbAQLP

exports[`render routes 1`] = `
<span
  className="ldsDualRing"
/>
`;
