// Jest Snapshot v1, https://goo.gl/fbAQLP

exports[`render routes 1`] = `
<div
  className="wrapper"
>
  <div
    className="content"
    id="loading-page"
  >
    <span
      className="ldsDualRing"
    />
  </div>
</div>
`;
