// Jest Snapshot v1, https://goo.gl/fbAQLP

exports[`creates the action 1`] = `
Object {
  "filmId": "star wars",
  "type": "GET_FILM",
}
`;
