// Jest Snapshot v1, https://goo.gl/fbAQLP

exports[`creates the action 1`] = `
Object {
  "type": "FETCH_CHARACTERS",
}
`;
